// Jest Snapshot v1, https://goo.gl/fbAQLP

exports[`ActionBar shows \`reveal state\` button on init 1`] = `"reveal card"`;
